Archive member included to satisfy reference by file (symbol)

/usr/lib/gcc/arm-linux-gnueabi/14.2.0/libgcc.a(_arm_muldf3.o)
                              build/i_sound_dummy.o (__aeabi_dmul)
/usr/lib/gcc/arm-linux-gnueabi/14.2.0/libgcc.a(_arm_mulsf3.o)
                              build/g_game.o (__aeabi_fmul)
/usr/lib/gcc/arm-linux-gnueabi/14.2.0/libgcc.a(_udivsi3.o)
                              build/memio.o (__aeabi_uidiv)
/usr/lib/gcc/arm-linux-gnueabi/14.2.0/libgcc.a(_divsi3.o)
                              build/am_map.o (__aeabi_idiv)
/usr/lib/gcc/arm-linux-gnueabi/14.2.0/libgcc.a(_arm_addsubdf3.o)
                              build/i_sound_dummy.o (__aeabi_i2d)
/usr/lib/gcc/arm-linux-gnueabi/14.2.0/libgcc.a(_arm_cmpdf2.o)
                              build/v_video.o (__aeabi_dcmplt)
/usr/lib/gcc/arm-linux-gnueabi/14.2.0/libgcc.a(_arm_fixdfsi.o)
                              build/i_sound_dummy.o (__aeabi_d2iz)
/usr/lib/gcc/arm-linux-gnueabi/14.2.0/libgcc.a(_arm_truncdfsf2.o)
                              build/m_config.o (__aeabi_d2f)
/usr/lib/gcc/arm-linux-gnueabi/14.2.0/libgcc.a(_arm_addsubsf3.o)
                              build/v_video.o (__aeabi_fsub)
/usr/lib/gcc/arm-linux-gnueabi/14.2.0/libgcc.a(_arm_muldivsf3.o)
                              build/g_game.o (__aeabi_fdiv)
/usr/lib/gcc/arm-linux-gnueabi/14.2.0/libgcc.a(_arm_fixsfsi.o)
                              build/v_video.o (__aeabi_f2iz)
/usr/lib/gcc/arm-linux-gnueabi/14.2.0/libgcc.a(_aeabi_ldivmod.o)
                              build/m_fixed.o (__aeabi_ldivmod)
/usr/lib/gcc/arm-linux-gnueabi/14.2.0/libgcc.a(_dvmd_lnx.o)
                              /usr/lib/gcc/arm-linux-gnueabi/14.2.0/libgcc.a(_aeabi_ldivmod.o) (__aeabi_ldiv0)
/usr/lib/gcc/arm-linux-gnueabi/14.2.0/libgcc.a(_udivmoddi4.o)
                              /usr/lib/gcc/arm-linux-gnueabi/14.2.0/libgcc.a(_aeabi_ldivmod.o) (__udivmoddi4)

As-needed library included to satisfy reference by file (symbol)

ld-linux.so.3                 build/i_input_tty.o (__stack_chk_guard@@GLIBC_2.4)

Discarded input sections

 .rodata.cst4   0x00000000        0x4 /usr/lib/gcc/arm-linux-gnueabi/14.2.0/../../../../arm-linux-gnueabi/lib/Scrt1.o
 .ARM.extab     0x00000000        0x0 /usr/lib/gcc/arm-linux-gnueabi/14.2.0/../../../../arm-linux-gnueabi/lib/Scrt1.o
 .data          0x00000000        0x4 /usr/lib/gcc/arm-linux-gnueabi/14.2.0/../../../../arm-linux-gnueabi/lib/Scrt1.o
 .bss           0x00000000        0x0 /usr/lib/gcc/arm-linux-gnueabi/14.2.0/../../../../arm-linux-gnueabi/lib/Scrt1.o
 .note.GNU-stack
                0x00000000        0x0 /usr/lib/gcc/arm-linux-gnueabi/14.2.0/../../../../arm-linux-gnueabi/lib/Scrt1.o
 .data          0x00000000        0x0 /usr/lib/gcc/arm-linux-gnueabi/14.2.0/../../../../arm-linux-gnueabi/lib/crti.o
 .bss           0x00000000        0x0 /usr/lib/gcc/arm-linux-gnueabi/14.2.0/../../../../arm-linux-gnueabi/lib/crti.o
 .note.GNU-stack
                0x00000000        0x0 /usr/lib/gcc/arm-linux-gnueabi/14.2.0/../../../../arm-linux-gnueabi/lib/crti.o
 .data          0x00000000        0x0 /usr/lib/gcc/arm-linux-gnueabi/14.2.0/crtbeginS.o
 .rodata        0x00000000       0x90 /usr/lib/gcc/arm-linux-gnueabi/14.2.0/crtbeginS.o
 .note.GNU-stack
                0x00000000        0x0 /usr/lib/gcc/arm-linux-gnueabi/14.2.0/crtbeginS.o
 .group         0x00000000        0xc build/i_video_fbdev.o
 .group         0x00000000        0xc build/i_video_fbdev.o
 .group         0x00000000        0xc build/i_video_fbdev.o
 .group         0x00000000        0xc build/i_video_fbdev.o
 .group         0x00000000        0xc build/i_video_fbdev.o
 .group         0x00000000        0xc build/i_video_fbdev.o
 .group         0x00000000        0xc build/i_video_fbdev.o
 .group         0x00000000        0xc build/i_video_fbdev.o
 .group         0x00000000        0xc build/i_video_fbdev.o
 .group         0x00000000        0xc build/i_video_fbdev.o
 .group         0x00000000        0xc build/i_video_fbdev.o
 .group         0x00000000        0xc build/i_video_fbdev.o
 .group         0x00000000        0xc build/i_video_fbdev.o
 .group         0x00000000        0xc build/i_video_fbdev.o
 .group         0x00000000        0xc build/i_video_fbdev.o
 .group         0x00000000        0xc build/i_video_fbdev.o
 .group         0x00000000        0xc build/i_video_fbdev.o
 .group         0x00000000        0xc build/i_video_fbdev.o
 .group         0x00000000        0xc build/i_video_fbdev.o
 .group         0x00000000        0xc build/i_video_fbdev.o
 .group         0x00000000        0xc build/i_video_fbdev.o
 .group         0x00000000        0xc build/i_video_fbdev.o
 .group         0x00000000        0xc build/i_video_fbdev.o
 .group         0x00000000        0xc build/i_video_fbdev.o
 .group         0x00000000        0xc build/i_video_fbdev.o
 .group         0x00000000        0xc build/i_video_fbdev.o
 .group         0x00000000        0xc build/i_video_fbdev.o
[...]
Memory Configuration

Name             Origin             Length             Attributes
*default*        0x00000000         0xffffffff

Linker script and memory map

LOAD /usr/lib/gcc/arm-linux-gnueabi/14.2.0/../../../../arm-linux-gnueabi/lib/Scrt1.o
LOAD /usr/lib/gcc/arm-linux-gnueabi/14.2.0/../../../../arm-linux-gnueabi/lib/crti.o
LOAD /usr/lib/gcc/arm-linux-gnueabi/14.2.0/crtbeginS.o
LOAD build/i_video_fbdev.o
LOAD build/i_input_tty.o
LOAD build/i_main.o
LOAD build/dummy.o
LOAD build/am_map.o
LOAD build/doomdef.o
LOAD build/doomstat.o
LOAD build/dstrings.o
LOAD build/d_event.o
LOAD build/d_items.o
LOAD build/d_iwad.o
LOAD build/d_loop.o
LOAD build/d_main.o
LOAD build/d_mode.o
LOAD build/d_net.o
LOAD build/f_finale.o
LOAD build/f_wipe.o
LOAD build/g_game.o
LOAD build/hu_lib.o
LOAD build/hu_stuff.o
LOAD build/info.o
LOAD build/i_cdmus.o
LOAD build/i_endoom.o
LOAD build/i_joystick.o
LOAD build/i_scale.o
LOAD build/i_sound_dummy.o
LOAD build/i_system.o
LOAD build/i_timer.o
LOAD build/memio.o
LOAD build/m_argv.o
LOAD build/m_bbox.o
LOAD build/m_cheat.o
LOAD build/m_config.o
LOAD build/m_controls.o
LOAD build/m_fixed.o
LOAD build/m_menu.o
LOAD build/m_misc.o
LOAD build/m_random.o
LOAD build/p_ceilng.o
LOAD build/p_doors.o
LOAD build/p_enemy.o
LOAD build/p_floor.o
LOAD build/p_inter.o
LOAD build/p_lights.o
LOAD build/p_map.o
LOAD build/p_maputl.o
LOAD build/p_mobj.o
LOAD build/p_plats.o
LOAD build/p_pspr.o
LOAD build/p_saveg.o
LOAD build/p_setup.o
LOAD build/p_sight.o
LOAD build/p_spec.o
LOAD build/p_switch.o
LOAD build/p_telept.o
LOAD build/p_tick.o
LOAD build/p_user.o
LOAD build/r_bsp.o
LOAD build/r_data.o
LOAD build/r_draw.o
LOAD build/r_main.o
LOAD build/r_plane.o
LOAD build/r_segs.o
LOAD build/r_sky.o
LOAD build/r_things.o
LOAD build/sha1.o
LOAD build/sounds.o
LOAD build/statdump.o
LOAD build/st_lib.o
LOAD build/st_stuff.o
LOAD build/s_sound.o
LOAD build/tables.o
LOAD build/v_video.o
LOAD build/wi_stuff.o
LOAD build/w_checksum.o
LOAD build/w_file.o
LOAD build/w_file_stdc_unbuffered.o
LOAD build/w_main.o
LOAD build/w_wad.o
LOAD build/z_zone.o
LOAD /usr/lib/gcc/arm-linux-gnueabi/14.2.0/../../../../arm-linux-gnueabi/lib/libm.so
LOAD /usr/lib/gcc/arm-linux-gnueabi/14.2.0/../../../../arm-linux-gnueabi/lib/libc.so
START GROUP
LOAD /usr/arm-linux-gnueabi/lib/libc.so.6
LOAD /usr/arm-linux-gnueabi/lib/libc_nonshared.a
LOAD /usr/arm-linux-gnueabi/lib/ld-linux.so.3
END GROUP
LOAD /usr/lib/gcc/arm-linux-gnueabi/14.2.0/libgcc.a
LOAD /usr/lib/gcc/arm-linux-gnueabi/14.2.0/../../../../arm-linux-gnueabi/lib/libgcc_s.so
START GROUP
LOAD /usr/lib/gcc/arm-linux-gnueabi/14.2.0/../../../../arm-linux-gnueabi/lib/libgcc_s.so.1
LOAD /usr/lib/gcc/arm-linux-gnueabi/14.2.0/libgcc.a
END GROUP
LOAD /usr/lib/gcc/arm-linux-gnueabi/14.2.0/../../../../arm-linux-gnueabi/lib/libc.so
START GROUP
LOAD /usr/arm-linux-gnueabi/lib/libc.so.6
LOAD /usr/arm-linux-gnueabi/lib/libc_nonshared.a
LOAD /usr/arm-linux-gnueabi/lib/ld-linux.so.3
END GROUP
LOAD /usr/lib/gcc/arm-linux-gnueabi/14.2.0/libgcc.a
LOAD /usr/lib/gcc/arm-linux-gnueabi/14.2.0/../../../../arm-linux-gnueabi/lib/libgcc_s.so
START GROUP
LOAD /usr/lib/gcc/arm-linux-gnueabi/14.2.0/../../../../arm-linux-gnueabi/lib/libgcc_s.so.1
LOAD /usr/lib/gcc/arm-linux-gnueabi/14.2.0/libgcc.a
END GROUP
LOAD /usr/lib/gcc/arm-linux-gnueabi/14.2.0/crtendS.o
LOAD /usr/lib/gcc/arm-linux-gnueabi/14.2.0/../../../../arm-linux-gnueabi/lib/crtn.o
                [!provide]                        PROVIDE (__executable_start = SEGMENT_START ("text-segment", 0x0))
                0x00000154                        . = (SEGMENT_START ("text-segment", 0x0) + SIZEOF_HEADERS)

.interp         0x00000154       0x13
 *(.interp)
 .interp        0x00000154       0x13 /usr/lib/gcc/arm-linux-gnueabi/14.2.0/../../../../arm-linux-gnueabi/lib/Scrt1.o

.note.gnu.build-id
                0x00000168       0x24
 *(.note.gnu.build-id)
 .note.gnu.build-id
                0x00000168       0x24 linker stubs

.note.ABI-tag   0x0000018c       0x20
 .note.ABI-tag  0x0000018c       0x20 /usr/lib/gcc/arm-linux-gnueabi/14.2.0/../../../../arm-linux-gnueabi/lib/Scrt1.o

.hash
 *(.hash)

.gnu.hash       0x000001ac       0x18
 *(.gnu.hash)
 .gnu.hash      0x000001ac       0x18 /usr/lib/gcc/arm-linux-gnueabi/14.2.0/../../../../arm-linux-gnueabi/lib/Scrt1.o

.dynsym         0x000001c4      0x490
 *(.dynsym)
 .dynsym        0x000001c4      0x490 /usr/lib/gcc/arm-linux-gnueabi/14.2.0/../../../../arm-linux-gnueabi/lib/Scrt1.o

.dynstr         0x00000654      0x28c
 *(.dynstr)
 .dynstr        0x00000654      0x28c /usr/lib/gcc/arm-linux-gnueabi/14.2.0/../../../../arm-linux-gnueabi/lib/Scrt1.o

.gnu.version    0x000008e0       0x92
 *(.gnu.version)
 .gnu.version   0x000008e0       0x92 /usr/lib/gcc/arm-linux-gnueabi/14.2.0/../../../../arm-linux-gnueabi/lib/Scrt1.o

.gnu.version_d  0x00000974        0x0
 *(.gnu.version_d)
 .gnu.version_d
                0x00000974        0x0 /usr/lib/gcc/arm-linux-gnueabi/14.2.0/../../../../arm-linux-gnueabi/lib/Scrt1.o

.gnu.version_r  0x00000974       0x90
 *(.gnu.version_r)
 .gnu.version_r
                0x00000974       0x90 /usr/lib/gcc/arm-linux-gnueabi/14.2.0/../../../../arm-linux-gnueabi/lib/Scrt1.o

.rel.dyn        0x00000a04     0x3500
 *(.rel.init)
 *(.rel.text .rel.text.* .rel.gnu.linkonce.t.*)
 .rel.text      0x00000a04        0x0 /usr/lib/gcc/arm-linux-gnueabi/14.2.0/../../../../arm-linux-gnueabi/lib/Scrt1.o
 *(.rel.fini)
 *(.rel.rodata .rel.rodata.* .rel.gnu.linkonce.r.*)
 *(.rel.data.rel.ro .rel.data.rel.ro.* .rel.gnu.linkonce.d.rel.ro.*)
 .rel.data.rel.ro
                0x00000a04       0x90 /usr/lib/gcc/arm-linux-gnueabi/14.2.0/../../../../arm-linux-gnueabi/lib/Scrt1.o
 .rel.data.rel.ro.local
                0x00000a94      0x210 /usr/lib/gcc/arm-linux-gnueabi/14.2.0/../../../../arm-linux-gnueabi/lib/Scrt1.o
 *(.rel.data .rel.data.* .rel.gnu.linkonce.d.*)
 .rel.data.rel.local
                0x00000ca4     0x1980 /usr/lib/gcc/arm-linux-gnueabi/14.2.0/../../../../arm-linux-gnueabi/lib/Scrt1.o
 .rel.data      0x00002624       0x20 /usr/lib/gcc/arm-linux-gnueabi/14.2.0/../../../../arm-linux-gnueabi/lib/Scrt1.o
 .rel.data.rel  0x00002644      0xe20 /usr/lib/gcc/arm-linux-gnueabi/14.2.0/../../../../arm-linux-gnueabi/lib/Scrt1.o
 *(.rel.tdata .rel.tdata.* .rel.gnu.linkonce.td.*)
 *(.rel.tbss .rel.tbss.* .rel.gnu.linkonce.tb.*)
 *(.rel.ctors)
 *(.rel.dtors)
 *(.rel.got)
 .rel.got       0x00003464      0xa90 /usr/lib/gcc/arm-linux-gnueabi/14.2.0/../../../../arm-linux-gnueabi/lib/Scrt1.o
 *(.rel.bss .rel.bss.* .rel.gnu.linkonce.b.*)
 .rel.bss       0x00003ef4        0x0 /usr/lib/gcc/arm-linux-gnueabi/14.2.0/../../../../arm-linux-gnueabi/lib/Scrt1.o
 *(.rel.iplt)
 .rel.iplt      0x00003ef4        0x0 /usr/lib/gcc/arm-linux-gnueabi/14.2.0/../../../../arm-linux-gnueabi/lib/Scrt1.o
 .rel.fini_array
                0x00003ef4        0x8 /usr/lib/gcc/arm-linux-gnueabi/14.2.0/../../../../arm-linux-gnueabi/lib/Scrt1.o
 .rel.init_array
                0x00003efc        0x8 /usr/lib/gcc/arm-linux-gnueabi/14.2.0/../../../../arm-linux-gnueabi/lib/Scrt1.o

.rela.dyn
 *(.rela.init)
 *(.rela.text .rela.text.* .rela.gnu.linkonce.t.*)
 *(.rela.fini)
 *(.rela.rodata .rela.rodata.* .rela.gnu.linkonce.r.*)
 *(.rela.data .rela.data.* .rela.gnu.linkonce.d.*)
 *(.rela.tdata .rela.tdata.* .rela.gnu.linkonce.td.*)
 *(.rela.tbss .rela.tbss.* .rela.gnu.linkonce.tb.*)
 *(.rela.ctors)
 *(.rela.dtors)
 *(.rela.got)
 *(.rela.bss .rela.bss.* .rela.gnu.linkonce.b.*)
 *(.rela.iplt)

.rel.plt        0x00003f04      0x208
 *(.rel.plt)
 .rel.plt       0x00003f04      0x208 /usr/lib/gcc/arm-linux-gnueabi/14.2.0/../../../../arm-linux-gnueabi/lib/Scrt1.o

.rela.plt
 *(.rela.plt)

.init           0x0000410c        0xc
 *(SORT_NONE(.init))
 .init          0x0000410c        0x8 /usr/lib/gcc/arm-linux-gnueabi/14.2.0/../../../../arm-linux-gnueabi/lib/crti.o
                0x0000410c                _init
 .init          0x00004114        0x4 /usr/lib/gcc/arm-linux-gnueabi/14.2.0/../../../../arm-linux-gnueabi/lib/crtn.o

.plt            0x00004118      0x320
 *(.plt)
 .plt           0x00004118      0x320 /usr/lib/gcc/arm-linux-gnueabi/14.2.0/../../../../arm-linux-gnueabi/lib/Scrt1.o

.iplt           0x00004438        0x0
 *(.iplt)
 .iplt          0x00004438        0x0 /usr/lib/gcc/arm-linux-gnueabi/14.2.0/../../../../arm-linux-gnueabi/lib/Scrt1.o

.text           0x00004438    0x30490
 *(.text.unlikely .text.*_unlikely .text.unlikely.*)
 *(.text.exit .text.exit.*)
 *(.text.startup .text.startup.*)
 .text.startup  0x00004438       0x50 build/i_main.o
                0x00004438                main
 *(.text.hot .text.hot.*)
 *(SORT_BY_NAME(.text.sorted.*))
 *(.text .stub .text.* .gnu.linkonce.t.*)
 .text          0x00004488       0x44 /usr/lib/gcc/arm-linux-gnueabi/14.2.0/../../../../arm-linux-gnueabi/lib/Scrt1.o
                0x00004488                _start
 .text          0x000044cc       0x24 /usr/lib/gcc/arm-linux-gnueabi/14.2.0/../../../../arm-linux-gnueabi/lib/crti.o
 .text          0x000044f0      0x100 /usr/lib/gcc/arm-linux-gnueabi/14.2.0/crtbeginS.o
 .text          0x000045f0      0x5ac build/i_video_fbdev.o
                0x000045f0                cmap_to_rgb565
                0x00004658                cmap_to_fb
                0x00004720                I_InitGraphics
                0x00004914                I_ShutdownGraphics
                0x00004938                I_StartFrame
                0x00004940                I_StartTic
                0x00004944                I_UpdateNoBlit
                0x00004948                I_FinishUpdate
                0x00004a78                I_ReadScreen
                0x00004a90                I_SetPalette
                0x00004b0c                I_GetPaletteIndex
                0x00004b78                I_BeginRead
                0x00004b7c                I_EndRead
                0x00004b80                I_SetWindowTitle
                0x00004b84                I_GraphicsCheckCommandLine
                0x00004b88                I_SetGrabMouseCallback
                0x00004b8c                I_EnableLoadingDisk
                0x00004b90                I_BindVideoVariables
                0x00004b94                I_DisplayFPSDots
                0x00004b98                I_CheckIsScreensaver
 .text          0x00004b9c      0x610 build/i_input_tty.o
                0x00004b9c                tty_is_kbd
                0x00004c68                kbd_shutdown
                0x00004d04                kbd_read
                0x00004da8                I_GetEvent
                0x00004f18                I_InitInput
 .text          0x000051ac     0x2014 build/am_map.o
                0x000051ac                AM_getIslope
                0x0000522c                AM_activateNewScale
                0x000052c4                AM_saveScaleAndLoc
                0x000052f4                AM_restoreScaleAndLoc
                0x000053ac                AM_addMark
                0x00005400                AM_findMinMaxBoundaries
                0x00005590                AM_changeWindowLoc
                0x00005684                AM_initVariables
                0x000057f0                AM_loadPics
                0x000058a4                AM_unloadPics
                0x0000593c                AM_clearMarks
                0x00005970                AM_LevelInit
                0x000059f4                AM_Stop
                0x00005a30                AM_Start
                0x00005ad4                AM_minOutWindowScale
                0x00005b0c                AM_maxOutWindowScale
                0x00005b44                AM_Responder
                0x0000608c                AM_changeWindowScale
                0x000060fc                AM_doFollowPlayer
                0x000061d8                AM_updateLightLev
                0x00006248                AM_Ticker
                0x000062cc                AM_clearFB
                0x000062f0                AM_clipMline
                0x000066d0                AM_drawFline
                0x00006838                AM_drawMline
                0x00006870                AM_drawGrid
                0x00006a0c                AM_drawWalls
                0x00006ba8                AM_rotate
                0x00006c34                AM_drawLineCharacter
                0x00006de4                AM_drawPlayers
                0x00006f6c                AM_drawThings
                0x00007024                AM_drawMarks
                0x00007100                AM_drawCrosshair
                0x0000712c                AM_Drawer
 .text          0x000071c0       0x9c build/d_event.o
                0x000071c0                D_PostEvent
                0x00007210                D_PopEvent
 .text          0x0000725c      0x4e0 build/d_iwad.o
                0x000072ec                D_FindWADByName
                0x000073b0                D_TryFindWADByName
                0x000073c8                D_FindIWAD
                0x000075cc                D_FindAllIWADs
                0x00007634                D_SaveGameIWADName
                0x00007678                D_SuggestIWADName
                0x000076d4                D_SuggestGameName
 .text          0x0000773c      0x818 build/d_loop.o
                0x0000773c                D_QuitNetGame
                0x000079ac                NetUpdate
                0x00007a28                D_ReceiveTic
                0x00007b08                D_StartGameLoop
                0x00007b2c                D_StartNetGame
                0x00007b74                D_InitNetGame
                0x00007bac                TryRunTics
                0x00007f40                D_RegisterLoopCallbacks
 .text          0x00007f54     0x1e2c build/d_main.o
                0x00007f54                D_GrabMouseCallback
                0x0000806c                D_ProcessEvents
                0x000080b0                D_BindVariables
                0x000082ec                D_PageTicker
                0x00008314                D_PageDrawer
                0x00008344                D_Display
                0x00008868                D_DoomLoop
                0x000089d0                D_AdvanceDemo
                0x000089e8                D_DoAdvanceDemo
                0x00008c88                D_StartTitle
                0x00008cc8                D_IdentifyVersion
                0x00008f18                D_SetGameDescription
                0x00009078                PrintDehackedBanners
                0x0000907c                PrintGameVersion
                0x000090d4                D_DoomMain
 .text          0x00009d80      0x27c build/d_mode.o
                0x00009d80                D_ValidGameMode
                0x00009dc8                D_ValidEpisodeMap
                0x00009e94                D_GetNumEpisodes
                0x00009ecc                D_ValidGameVersion
                0x00009f24                D_IsEpisodeMap
                0x00009f3c                D_GameMissionString
 .text          0x00009ffc      0x63c build/d_net.o
                0x0000a144                D_ConnectNetGame
                0x0000a2dc                D_CheckNetGame
 .text          0x0000a638      0xed4 build/f_finale.o
                0x0000a638                F_StartFinale
                0x0000a7ac                F_TextWrite
                0x0000a8e8                F_StartCast
                0x0000a990                F_CastTicker
                0x0000adf8                F_Ticker
                0x0000af44                F_CastResponder
                0x0000b000                F_Responder
                0x0000b024                F_CastPrint
                0x0000b0f8                F_CastDrawer
                0x0000b1d0                F_DrawPatchCol
                0x0000b264                F_BunnyScroll
                0x0000b428                F_Drawer
 .text          0x0000b50c      0x4d8 build/f_wipe.o
                0x0000b50c                wipe_doColorXForm
                0x0000b580                wipe_exitColorXForm
                0x0000b588                wipe_doMelt
                0x0000b688                wipe_initColorXForm
                0x0000b6b0                wipe_exitMelt
                0x0000b6e0                wipe_shittyColMajorXform
                0x0000b76c                wipe_initMelt
                0x0000b858                wipe_StartScreen
                0x0000b888                wipe_EndScreen
                0x0000b8e8                wipe_ScreenWipe
 .text          0x0000b9e4     0x3208 build/g_game.o
                0x0000b9e4                G_CmdChecksum
                0x0000b9f8                G_BuildTiccmd
                0x0000c4d8                G_DoLoadLevel
                0x0000c6fc                G_Responder
                0x0000cb98                G_PlayerFinishLevel
                0x0000cc0c                G_PlayerReborn
                0x0000cd3c                G_InitPlayer
                0x0000cd40                G_CheckSpot
                0x0000d04c                G_DeathMatchSpawnPlayer
                0x0000d110                G_DoReborn
                0x0000d1fc                G_ScreenShot
                0x0000d214                G_ExitLevel
                0x0000d234                G_SecretExitLevel
                0x0000d294                G_DoCompleted
                0x0000d620                G_WorldDone
                0x0000d6c4                G_DoWorldDone
                0x0000d6fc                G_LoadGame
                0x0000d72c                G_SaveGame
                0x0000d75c                G_DoSaveGame
                0x0000d908                G_DeferedInitNew
                0x0000d92c                G_InitNew
                0x0000dc10                G_DoLoadGame
                0x0000dd08                G_DoNewGame
                0x0000dd90                G_RecordDemo
                0x0000de60                G_VanillaVersionCode
                0x0000ded8                G_BeginRecording
                0x0000e054                G_DeferedPlayDemo
                0x0000e070                G_DoPlayDemo
                0x0000e334                G_TimeDemo
                0x0000e390                G_CheckDemoStatus
                0x0000e520                G_ReadDemoTiccmd
                0x0000e5c0                G_WriteDemoTiccmd
                0x0000e714                G_Ticker
 .text          0x0000ebec      0x610 build/hu_lib.o
                0x0000ebec                HUlib_init
                0x0000ebf0                HUlib_clearTextLine
                0x0000ec08                HUlib_initTextLine
                0x0000ec2c                HUlib_addCharToTextLine
                0x0000ec6c                HUlib_delCharFromTextLine
                0x0000eca4                HUlib_drawTextLine
                0x0000ed80                HUlib_eraseTextLine
                0x0000ee94                HUlib_initSText
                0x0000ef10                HUlib_addLineToSText
                0x0000ef6c                HUlib_addMessageToSText
                0x0000efd0                HUlib_drawSText
                0x0000f020                HUlib_eraseSText
                0x0000f080                HUlib_initIText
                0x0000f0b8                HUlib_delCharFromIText
                0x0000f0cc                HUlib_eraseLineFromIText
                0x0000f100                HUlib_resetIText
                0x0000f11c                HUlib_addPrefixToIText
                0x0000f14c                HUlib_keyInIText
                0x0000f1a4                HUlib_drawIText
                0x0000f1bc                HUlib_eraseIText
 .text          0x0000f1fc      0xa00 build/hu_stuff.o
                0x0000f1fc                HU_Init
                0x0000f2ac                HU_Stop
                0x0000f2c4                HU_Start
                0x0000f584                HU_Drawer
                0x0000f5d8                HU_Erase
                0x0000f604                HU_Ticker
                0x0000f828                HU_queueChatChar
                0x0000f874                HU_dequeueChatChar
                0x0000f8a8                HU_Responder
 .text          0x0000fbfc        0x4 build/i_endoom.o
                0x0000fbfc                I_Endoom
 .text          0x0000fc00      0x16c build/i_joystick.o
                0x0000fc00                I_ShutdownJoystick
                0x0000fc04                I_InitJoystick
                0x0000fc08                I_UpdateJoystick
                0x0000fc0c                I_BindJoystickVariables
 .text          0x0000fd6c      0x950 build/i_sound_dummy.o
                0x0000fd6c                myioctl
                0x0000fdd8                getsfx
                0x0000ff04                addsfx
                0x000100d4                I_SetChannels
                0x000101ac                I_SetSfxVolume
                0x000101cc                I_SetMusicVolume
                0x000101ec                I_GetSfxLumpNum
                0x00010268                I_StartSound
                0x000102b4                I_StopSound
                0x000102b8                I_SoundIsPlaying
                0x000102e4                I_UpdateSound
                0x00010414                I_SubmitSound
                0x00010438                I_UpdateSoundParams
                0x0001043c                I_ShutdownSound
                0x00010474                I_InitSound
                0x00010574                I_InitMusic
                0x00010578                I_ShutdownMusic
                0x0001057c                I_PlaySong
                0x000105b4                I_PauseSong
                0x000105b8                I_ResumeSong
                0x000105bc                I_StopSong
                0x000105e4                I_UnRegisterSong
                0x000105e8                I_RegisterSong
                0x000105f0                I_QrySongPlaying
                0x00010648                I_HandleSoundTimer
                0x00010688                I_SoundSetTimer
                0x00010690                I_SoundDelTimer
 .text          0x000106bc      0x628 build/i_system.o
                0x000106bc                I_AtExit
                0x000106f4                I_Tactile
                0x000106f8                I_PrintBanner
                0x00010734                I_PrintDivider
                0x00010758                I_PrintStartupBanner
                0x00010788                I_ConsoleStdout
                0x00010790                I_Quit
                0x000107b8                I_Error
                0x000109b8                I_ZoneBase
                0x00010a54                I_GetMemoryValue
 .text          0x00010ce4      0x110 build/i_timer.o
                0x00010ce4                I_GetTicks
                0x00010d70                I_GetTime
                0x00010db4                I_GetTimeMS
                0x00010de0                I_Sleep
                0x00010dec                I_WaitVBL
                0x00010df0                I_InitTimer
 .text          0x00010df4       0xa8 build/m_argv.o
                0x00010df4                M_CheckParmWithArgs
                0x00010e48                M_CheckParm
                0x00010e50                M_ParmExists
                0x00010e64                M_FindResponseFile
                0x00010e68                M_GetExecutableName
 .text          0x00010e9c       0x5c build/m_bbox.o
                0x00010e9c                M_ClearBox
                0x00010eb8                M_AddToBox
 .text          0x00010ef8       0xc0 build/m_cheat.o
                0x00010ef8                cht_CheckCheat
                0x00010fa4                cht_GetParam
 .text          0x00010fb8      0x504 build/m_config.o
                0x00011104                M_SetConfigFilenames
                0x00011118                M_SaveDefaults
                0x0001111c                M_SaveDefaultsAlternate
                0x00011120                M_LoadDefaults
                0x00011238                M_BindVariable
                0x00011254                M_SetVariable
                0x00011318                M_GetIntVariable
                0x00011354                M_GetStrVariable
                0x00011390                M_GetFloatVariable
                0x000113cc                M_SetConfigDir
                0x00011454                M_GetSaveGameDir
 .text          0x000114bc      0xaa8 build/m_controls.o
                0x000114bc                M_BindBaseControls
                0x000116f8                M_BindHereticControls
                0x000117c0                M_BindHexenControls
                0x000118b0                M_BindStrifeControls
                0x00011a34                M_BindWeaponControls
                0x00011b6c                M_BindMapControls
                0x00011c70                M_BindMenuControls
                0x00011e84                M_BindChatControls
                0x00011f60                M_ApplyPlatformDefaults
 .text          0x00011f64       0x60 build/m_fixed.o
                0x00011f64                FixedMul
                0x00011f74                FixedDiv
 .text          0x00011fc4     0x2708 build/m_menu.o
                0x00011fc4                M_ChangeMessages
                0x0001204c                M_DrawReadThis2
                0x0001208c                M_DrawMainMenu
                0x000120b8                M_DrawNewGame
                0x00012108                M_DrawEpisode
                0x00012134                M_LoadSelect
                0x000121c8                M_SaveSelect
                0x0001223c                M_DrawReadThis1
                0x00012364                M_SfxVol
                0x000123bc                M_MusicVol
                0x00012414                M_SizeDisplay
                0x000124ac                M_ChangeSensitivity
                0x00012500                M_QuitResponse
                0x000125ac                M_ChangeDetail
                0x0001263c                M_QuickLoadResponse
                0x00012688                M_VerifyNightmare
                0x000126dc                M_EndGameResponse
                0x00012728                M_ReadSaveStrings
                0x00012840                M_DrawSaveLoadBorder
                0x000128d0                M_DoSave
                0x0001290c                M_QuickSaveResponse
                0x00012958                M_DrawThermo
                0x00012a30                M_DrawSound
                0x00012abc                M_DrawOptions
                0x00012bac                M_DrawEmptyCell
                0x00012bec                M_DrawSelCell
                0x00012c2c                M_StartMessage
                0x00012c5c                M_QuickLoad
                0x00012d0c                M_EndGame
                0x00012d88                M_QuitDOOM
                0x00012e30                M_ChooseSkill
                0x00012e84                M_StopMessage
                0x00012ea4                M_StringWidth
                0x00012f20                M_StringHeight
                0x00012f80                M_WriteText
                0x00013014                M_DrawLoad
                0x00013094                M_DrawSave
                0x00013160                M_StartControlPanel
                0x000131a4                M_Drawer
                0x00013484                M_ClearMenus
                0x0001349c                M_SetupNextMenu
                0x000134bc                M_LoadGame
                0x00013518                M_SaveGame
                0x00013588                M_QuickSave
                0x00013654                M_Responder
                0x00014368                M_Sound
                0x0001437c                M_NewGame
                0x00014424                M_Episode
                0x000144e0                M_Options
                0x000144f4                M_ReadThis
                0x00014504                M_FinishReadThis
                0x00014518                M_ReadThis2
                0x0001457c                M_Ticker
                0x000145c4                M_Init
 .text          0x000146cc      0x730 build/m_misc.o
                0x000146cc                M_MakeDirectory
                0x000146d8                M_FileExists
                0x00014718                M_FileLength
                0x0001475c                M_WriteFile
                0x000147b8                M_ReadFile
                0x00014850                M_StrToInt
                0x000148e8                M_ExtractFileBase
                0x00014978                M_ForceUppercase
                0x000149a0                M_StrCaseStr
                0x00014a04                M_StringDuplicate
                0x00014a3c                M_StringCopy
                0x00014a84                M_StringReplace
                0x00014b64                M_StringConcat
                0x00014b94                M_StringStartsWith
                0x00014bdc                M_StringEndsWith
                0x00014c24                M_StringJoin
                0x00014d24                M_TempFile
                0x00014d48                M_vsnprintf
                0x00014d84                M_snprintf
 .text          0x00014dfc       0x7c build/m_random.o
                0x00014dfc                P_Random
                0x00014e2c                M_Random
                0x00014e5c                M_ClearRandom
 .text          0x00014e78      0x4b0 build/p_ceilng.o
                0x00014e78                P_AddActiveCeiling
                0x00014eb8                P_RemoveActiveCeiling
                0x00014f0c                T_MoveCeiling
                0x000150cc                P_ActivateInStasisCeiling
                0x0001514c                EV_DoCeiling
                0x000152c4                EV_CeilingCrushStop
 .text          0x00015328      0x844 build/p_doors.o
                0x00015328                T_VerticalDoor
                0x00015514                EV_DoDoor
                0x000156b8                EV_DoLockedDoor
                0x000157a0                EV_VerticalDoor
                0x00015a8c                P_SpawnDoorCloseIn30
                0x00015aec                P_SpawnDoorRaiseIn5Mins
 .text          0x00015b6c     0x2498 build/p_enemy.o
                0x00015b6c                PIT_VileCheck
                0x00015c4c                P_RecursiveSound
                0x00015d4c                P_NoiseAlert
                0x00015d90                P_CheckMeleeRange
                0x00015df8                P_CheckMissileRange
                0x00015ef0                P_Move
                0x00016048                P_TryWalk
                0x00016070                P_NewChaseDir
                0x00016294                P_LookForPlayers
                0x000163d0                A_KeenDie
                0x000164c8                A_Look
                0x000165b0                A_Chase
                0x00016824                A_FaceTarget
                0x0001688c                A_PosAttack
                0x00016910                A_SPosAttack
                0x000169a0                A_CPosAttack
                0x00016a24                A_CPosRefire
                0x00016a7c                A_SpidRefire
                0x00016ad4                A_BspiAttack
                0x00016b00                A_TroopAttack
                0x00016b78                A_SargAttack
                0x00016bc8                A_HeadAttack
                0x00016c34                A_CyberAttack
                0x00016c60                A_BruisAttack
                0x00016cd8                A_SkelMissile
                0x00016d44                A_Tracer
                0x00016ef4                A_SkelWhoosh
                0x00016f1c                A_SkelFist
                0x00016f88                A_VileChase
                0x00017104                A_VileStart
                0x0001710c                A_Fire
                0x000171b4                A_StartFire
                0x000171d0                A_FireCrackle
                0x000171ec                A_VileTarget
                0x00017234                A_VileAttack
                0x0001731c                A_FatRaise
                0x00017338                A_FatAttack1
                0x000173e4                A_FatAttack2
                0x00017490                A_FatAttack3
                0x00017570                A_SkullAttack
                0x0001764c                A_PainShootSkull
                0x00017780                A_PainAttack
                0x000177a8                A_PainDie
                0x000177ec                A_Scream
                0x00017864                A_XScream
                0x0001786c                A_Pain
                0x00017880                A_Fall
                0x00017890                A_Explode
                0x0001789c                A_BossDeath
                0x00017b78                A_Hoof
                0x00017b94                A_Metal
                0x00017bb0                A_BabyMetal
                0x00017bcc                A_OpenShotgun2
                0x00017bd8                A_LoadShotgun2
                0x00017be4                A_CloseShotgun2
                0x00017c0c                A_BrainAwake
                0x00017cbc                A_BrainPain
                0x00017cc8                A_BrainScream
                0x00017d64                A_BrainExplode
                0x00017de4                A_BrainDie
                0x00017de8                A_BrainSpit
                0x00017ea0                A_SpawnFly
                0x00017fac                A_SpawnSound
                0x00017fc8                A_PlayerScream
 .text          0x00018004      0x7c4 build/p_floor.o
                0x00018004                T_MovePlane
                0x00018158                T_MoveFloor
                0x00018230                EV_DoFloor
                0x00018604                EV_BuildStairs
 .text          0x000187c8     0x1060 build/p_inter.o
                0x000187c8                P_GiveAmmo
                0x00018918                P_GiveWeapon
                0x00018a54                P_GiveBody
                0x00018a88                P_GiveArmor
                0x00018aac                P_GiveCard
                0x00018acc                P_GivePower
                0x00018b78                P_TouchSpecialThing
                0x000192a4                P_KillMobj
                0x000194e4                P_DamageMobj
 .text          0x00019828      0x4d8 build/p_lights.o
                0x00019828                T_StrobeFlash
                0x00019868                T_Glow
                0x000198e0                T_FireFlicker
                0x0001993c                T_LightFlash
                0x0001999c                P_SpawnFireFlicker
                0x000199f8                P_SpawnLightFlash
                0x00019a6c                P_SpawnStrobeFlash
                0x00019afc                EV_StartLightStrobing
                0x00019b58                EV_TurnTagLightsOff
                0x00019bf8                EV_LightTurnOn
                0x00019ca0                P_SpawnGlowingLight
 .text          0x00019d00     0x1a20 build/p_map.o
                0x00019d00                PIT_StompThing
                0x00019db8                PIT_CheckLine
                0x0001a014                PIT_CheckThing
                0x0001a204                PTR_SlideTraverse
                0x0001a320                PTR_AimTraverse
                0x0001a528                PTR_ShootTraverse
                0x0001a898                PTR_UseTraverse
                0x0001a93c                PIT_RadiusAttack
                0x0001a9f0                P_TeleportMove
                0x0001ab80                P_CheckPosition
                0x0001ad6c                P_TryMove
                0x0001aef0                P_ThingHeightClip
                0x0001af60                PIT_ChangeSector
                0x0001b078                P_HitSlideLine
                0x0001b1a8                P_SlideMove
                0x0001b3d0                P_AimLineAttack
                0x0001b4b8                P_LineAttack
                0x0001b560                P_UseLines
                0x0001b5e4                P_RadiusAttack
                0x0001b6a4                P_ChangeSector
 .text          0x0001b720      0xe78 build/p_maputl.o
                0x0001b7f0                P_AproxDistance
                0x0001b814                P_PointOnLineSide
                0x0001b8ac                P_BoxOnLineSide
                0x0001b9e0                P_PointOnDivlineSide
                0x0001ba98                P_MakeDivline
                0x0001bac0                P_InterceptVector
                0x0001bb44                PIT_AddLineIntercepts
                0x0001bce0                PIT_AddThingIntercepts
                0x0001be3c                P_LineOpening
                0x0001beb8                P_UnsetThingPosition
                0x0001bfb4                P_SetThingPosition
                0x0001c0b8                P_BlockLinesIterator
                0x0001c194                P_BlockThingsIterator
                0x0001c220                P_TraverseIntercepts
                0x0001c2cc                P_PathTraverse
 .text          0x0001c598     0x1434 build/p_mobj.o
                0x0001c598                P_SpawnMobj
                0x0001c6f0                P_RemoveMobj
                0x0001c7a8                P_SetMobjState
                0x0001c840                P_ExplodeMissile
                0x0001c8c8                P_ZMovement
                0x0001cac4                P_XYMovement
                0x0001cd74                P_NightmareRespawn
                0x0001ce78                P_MobjThinker
                0x0001cf94                P_RespawnSpecials
                0x0001d124                P_SpawnPlayer
                0x0001d2d0                P_SpawnMapThing
                0x0001d5b4                P_SpawnPuff
                0x0001d644                P_SpawnBlood
                0x0001d6cc                P_CheckMissileSpawn
                0x0001d73c                P_SubstNullMobj
                0x0001d76c                P_SpawnMissile
                0x0001d898                P_SpawnPlayerMissile
 .text          0x0001d9cc      0x544 build/p_plats.o
                0x0001d9cc                P_ActivateInStasis
                0x0001da48                EV_StopPlat
                0x0001daa4                P_AddActivePlat
                0x0001daf0                EV_DoPlat
                0x0001dd2c                P_RemoveActivePlat
                0x0001dd90                T_PlatRaise
 .text          0x0001df10      0xea8 build/p_pspr.o
                0x0001df28                P_SetPsprite
                0x0001dfdc                P_CalcSwing
                0x0001e05c                P_BringUpWeapon
                0x0001e0d0                P_CheckAmmo
                0x0001e258                P_FireWeapon
                0x0001e2bc                P_DropWeapon
                0x0001e2ec                A_WeaponReady
                0x0001e450                A_ReFire
                0x0001e498                A_CheckReload
                0x0001e49c                A_Lower
                0x0001e4e8                A_Raise
                0x0001e538                A_GunFlash
                0x0001e584                A_Punch
                0x0001e64c                A_Saw
                0x0001e780                A_FireMissile
                0x0001e7c8                A_FireBFG
                0x0001e810                A_FirePlasma
                0x0001e878                P_BulletSlope
                0x0001e8fc                P_GunShot
                0x0001e968                A_FirePistol
                0x0001e9f0                A_FireShotgun
                0x0001ea7c                A_FireShotgun2
                0x0001eb78                A_FireCGun
                0x0001ec50                A_Light0
                0x0001ec5c                A_Light1
                0x0001ec68                A_Light2
                0x0001ec74                A_BFGSpray
                0x0001ed24                A_BFGsound
                0x0001ed30                P_SetupPsprites
                0x0001ed48                P_MovePsprites
 .text          0x0001edb8     0x1adc build/p_saveg.o
                0x0001f0c8                P_TempSaveGameFile
                0x0001f11c                P_SaveGameFile
                0x0001f218                P_WriteSaveGameHeader
                0x0001f390                P_ReadSaveGameHeader
                0x0001f508                P_ReadSaveGameEOF
                0x0001f520                P_WriteSaveGameEOF
                0x0001f528                P_ArchivePlayers
                0x0001f78c                P_UnArchivePlayers
                0x0001f9fc                P_ArchiveWorld
                0x0001fb30                P_UnArchiveWorld
                0x0001fc8c                P_ArchiveThinkers
                0x0001fec0                P_UnArchiveThinkers
                0x0002015c                P_ArchiveSpecials
                0x0002048c                P_UnArchiveSpecials
 .text          0x00020894     0x1228 build/p_setup.o
                0x00020894                P_LoadVertexes
                0x0002092c                GetSectorAtNullAddress
                0x00020998                P_LoadSegs
                0x00020b28                P_LoadSubsectors
                0x00020bd0                P_LoadSectors
                0x00020cdc                P_LoadNodes
                0x00020e38                P_LoadThings
                0x00020f98                P_LoadLineDefs
                0x000211d4                P_LoadSideDefs
                0x000212d8                P_LoadBlockMap
                0x0002136c                P_GroupLines
                0x00021688                P_SetupLevel
                0x00021a84                P_Init
 .text          0x00021abc      0x618 build/p_sight.o
                0x00021abc                P_DivlineSide
                0x00021b80                P_InterceptVector2
                0x00021c04                P_CrossSubsector
                0x00021ecc                P_CrossBSPNode
                0x00021f80                P_CheckSight
 .text          0x000220d4     0x1214 build/p_spec.o
                0x000220d4                P_InitPicAnims
                0x000221fc                getSide
                0x00022250                getSector
                0x000222a8                twoSided
                0x000222e0                getNextSector
                0x00022300                P_FindLowestFloorSurrounding
                0x0002234c                P_FindHighestFloorSurrounding
                0x0002239c                P_FindNextHighestFloor
                0x000224b8                P_FindLowestCeilingSurrounding
                0x00022504                P_FindHighestCeilingSurrounding
                0x00022550                P_FindSectorFromLineTag
                0x000225c8                P_FindMinSurroundingLight
                0x00022618                P_CrossSpecialLine
                0x000229c8                P_ShootSpecialLine
                0x00022a44                P_PlayerInSpecialSector
                0x00022b9c                P_UpdateSpecials
                0x00022da4                EV_DoDonut
                0x00023034                P_SpawnSpecials
 .text          0x000232e8      0x630 build/p_switch.o
                0x000232e8                P_InitSwitchList
                0x000233a8                P_StartButton
                0x0002344c                P_ChangeSwitchTexture
                0x000235dc                P_UseSpecialLine
 .text          0x00023918      0x1e0 build/p_telept.o
                0x00023918                EV_Teleport
 .text          0x00023af8      0x198 build/p_tick.o
                0x00023af8                P_InitThinkers
                0x00023b10                P_AddThinker
                0x00023b30                P_RemoveThinker
                0x00023b3c                P_AllocateThinker
                0x00023b40                P_RunThinkers
                0x00023b9c                P_Ticker
 .text          0x00023c90      0x618 build/p_user.o
                0x00023c90                P_Thrust
                0x00023d04                P_CalcHeight
                0x00023e64                P_MovePlayer
                0x00023f48                P_DeathThink
                0x00024044                P_PlayerThink
 .text          0x000242a8      0x77c build/r_bsp.o
                0x000242a8                R_ClearDrawSegs
                0x000242c8                R_ClipSolidWallSegment
                0x00024428                R_ClipPassWallSegment
                0x000244ac                R_ClearClipSegs
                0x000244f8                R_AddLine
                0x0002467c                R_CheckBBox
                0x00024824                R_Subsector
                0x00024984                R_RenderBSPNode
 .text          0x00024a24     0x11a0 build/r_data.o
                0x00024a24                R_DrawColumnInCache
                0x00024a84                R_GenerateComposite
                0x00024bc8                R_GenerateLookup
                0x00024dec                R_GetColumn
                0x00024e74                R_InitTextures
                0x000254a0                R_InitFlats
                0x00025524                R_InitSpriteLumps
                0x00025644                R_InitColormaps
                0x00025674                R_InitData
                0x000256a4                R_FlatNumForName
                0x00025758                R_CheckTextureNumForName
                0x000257cc                R_TextureNumForName
                0x00025800                R_PrecacheLevel
 .text          0x00025bc4      0xdcc build/r_draw.o
                0x00025bc4                R_DrawColumn
                0x00025cac                R_DrawColumnLow
                0x00025da8                R_DrawFuzzColumn
                0x00025ec4                R_DrawFuzzColumnLow
                0x0002601c                R_DrawTranslatedColumn
                0x00026104                R_DrawTranslatedColumnLow
                0x00026218                R_InitTranslationTables
                0x000262b0                R_DrawSpan
                0x000263a8                R_DrawSpanLow
                0x000264cc                R_InitBuffer
                0x00026574                R_FillBackScreen
                0x00026898                R_VideoErase
                0x000268dc                R_DrawViewBorder
 .text          0x00026990      0xc78 build/r_main.o
                0x00026990                R_AddPointToBox
                0x000269c4                R_PointOnSide
                0x00026a78                R_PointOnSegSide
                0x00026b24                R_PointToAngle
                0x00026c78                R_PointToAngle2
                0x00026c94                R_PointToDist
                0x00026d38                R_InitPointToAngle
                0x00026d3c                R_ScaleFromGlobalAngle
                0x00026df0                R_InitTables
                0x00026df4                R_InitTextureMapping
                0x00026f80                R_InitLightTables
                0x00027004                R_SetViewSize
                0x00027024                R_ExecuteSetViewSize
                0x00027350                R_Init
                0x000273f8                R_PointInSubsector
                0x00027494                R_SetupFrame
                0x000275b0                R_RenderPlayerView
 .text          0x00027608      0x98c build/r_plane.o
                0x00027608                R_InitPlanes
                0x0002760c                R_MapPlane
                0x00027868                R_ClearPlanes
                0x00027984                R_FindPlane
                0x00027a7c                R_CheckPlane
                0x00027b24                R_MakeSpans
                0x00027c1c                R_DrawPlanes
 .text          0x00027f94     0x12a4 build/r_segs.o
                0x00027f94                R_RenderMaskedSegRange
                0x000282a8                R_RenderSegLoop
                0x0002873c                R_StoreWallRange
 .text          0x00029238       0x18 build/r_sky.o
                0x00029238                R_InitSkyMap
 .text          0x00029250     0x1550 build/r_things.o
                0x00029250                R_InstallSpriteLump
                0x00029438                R_InitSpriteDefs
                0x00029708                R_InitSprites
                0x00029738                R_ClearSprites
                0x00029758                R_NewVisSprite
                0x0002978c                R_DrawMaskedColumn
                0x000298a8                R_DrawVisSprite
                0x00029aac                R_ProjectSprite
                0x00029e48                R_AddSprites
                0x00029edc                R_DrawPSprite
                0x0002a1b8                R_DrawPlayerSprites
                0x0002a26c                R_SortVisSprites
                0x0002a3e0                R_DrawSprite
                0x0002a6dc                R_DrawMasked
 .text          0x0002a7a0     0x1528 build/sha1.o
                0x0002b920                SHA1_Init
                0x0002b960                SHA1_Update
                0x0002ba68                SHA1_Final
                0x0002bc18                SHA1_UpdateInt32
                0x0002bca0                SHA1_UpdateString
 .text          0x0002bcc8       0x64 build/statdump.o
                0x0002bcc8                StatCopy
                0x0002bd28                StatDump
 .text          0x0002bd2c      0x504 build/st_lib.o
                0x0002bd2c                STlib_init
                0x0002bd58                STlib_initNum
                0x0002bd84                STlib_drawNum
                0x0002bf34                STlib_updateNum
                0x0002bf48                STlib_initPercent
                0x0002bf7c                STlib_updatePercent
                0x0002bfb8                STlib_initMultIcon
                0x0002bfdc                STlib_updateMultIcon
                0x0002c0fc                STlib_initBinIcon
                0x0002c120                STlib_updateBinIcon
 .text          0x0002c230     0x189c build/st_stuff.o
                0x0002c5d0                ST_refreshBackground
                0x0002c678                ST_Responder
                0x0002cd50                ST_calcPainOffset
                0x0002cdb8                ST_updateFaceWidget
                0x0002d10c                ST_updateWidgets
                0x0002d290                ST_Ticker
                0x0002d2d4                ST_doPaletteStuff
                0x0002d3cc                ST_drawWidgets
                0x0002d510                ST_doRefresh
                0x0002d538                ST_diffDraw
                0x0002d540                ST_Drawer
                0x0002d5b8                ST_loadGraphics
                0x0002d5c8                ST_loadData
                0x0002d5f4                ST_unloadGraphics
                0x0002d604                ST_unloadData
                0x0002d608                ST_initData
                0x0002d6bc                ST_createWidgets
                0x0002da1c                ST_Stop
                0x0002da60                ST_Start
                0x0002daa0                ST_Init
 .text          0x0002dacc      0xbcc build/s_sound.o
                0x0002dacc                S_PauseSound
                0x0002db08                S_ResumeSound
                0x0002db44                S_SetMusicVolume
                0x0002db8c                S_SetSfxVolume
                0x0002dbc4                S_Init
                0x0002dca8                S_StopMusic
                0x0002dd34                S_ChangeMusic
                0x0002de4c                S_StartMusic
                0x0002de54                S_StopChannel
                0x0002deb4                S_Start
                0x0002e00c                S_StopSound
                0x0002e064                S_AdjustSoundParams
                0x0002e1b0                S_UpdateSounds
                0x0002e300                S_getChannel
                0x0002e404                S_StartSoundAtVolume
                0x0002e684                S_StartSound
 .text          0x0002e698       0x2c build/tables.o
                0x0002e698                SlopeDiv
 .text          0x0002e6c4     0x117c build/v_video.o
                0x0002e6c4                V_MarkRect
                0x0002e73c                V_CopyRect
                0x0002e808                V_SetPatchClipCallback
                0x0002e81c                V_DrawPatch
                0x0002ea04                V_DrawPatchFlipped
                0x0002ebc0                V_DrawPatchDirect
                0x0002ebc4                V_DrawTLPatch
                0x0002ed24                V_DrawXlaPatch
                0x0002ee5c                V_DrawAltTLPatch
                0x0002efbc                V_DrawShadowedPatch
                0x0002f160                V_LoadTintTable
                0x0002f18c                V_LoadXlaTable
                0x0002f1b8                V_DrawBlock
                0x0002f254                V_DrawFilledBox
                0x0002f2b4                V_DrawHorizLine
                0x0002f2f8                V_DrawVertLine
                0x0002f340                V_DrawBox
                0x0002f390                V_DrawRawScreen
                0x0002f3a8                V_Init
                0x0002f3ac                V_UseBuffer
                0x0002f3c0                V_RestoreBuffer
                0x0002f3f0                WritePCXfile
                0x0002f564                V_ScreenShot
                0x0002f668                V_DrawMouseSpeedBox
 .text          0x0002f840     0x28ec build/wi_stuff.o
                0x0002fdec                WI_slamBackground
                0x0002fe08                WI_Responder
                0x0002fe10                WI_drawLF
                0x0002ffb8                WI_drawEL
                0x00030058                WI_drawOnLnode
                0x0003022c                WI_initAnimatedBack
                0x00030320                WI_updateAnimatedBack
                0x00030474                WI_drawAnimatedBack
                0x0003051c                WI_drawNum
                0x00030644                WI_drawPercent
                0x00030684                WI_drawTime
                0x00030774                WI_initNoState
                0x0003079c                WI_updateNoState
                0x000307cc                WI_initShowNextLoc
                0x000307f4                WI_updateShowNextLoc
                0x00030848                WI_drawShowNextLoc
                0x00030958                WI_drawNoState
                0x00030970                WI_fragSum
                0x000309e0                WI_initDeathmatchStats
                0x00030a88                WI_updateDeathmatchStats
                0x00030d28                WI_drawDeathmatchStats
                0x00030f84                WI_initNetgameStats
                0x00031054                WI_updateNetgameStats
                0x00031520                WI_drawNetgameStats
                0x0003187c                WI_initStats
                0x000318c0                WI_updateStats
                0x00031c5c                WI_drawStats
                0x00031d60                WI_checkForAccelerate
                0x00031e28                WI_Ticker
                0x00031efc                WI_loadData
                0x00031fa8                WI_unloadData
                0x00031fb8                WI_End
                0x00031fbc                WI_Drawer
                0x00032034                WI_initVariables
                0x000320cc                WI_Start
 .text          0x0003212c      0x198 build/w_checksum.o
                0x0003212c                W_Checksum
 .text          0x000322c4       0x64 build/w_file.o
                0x000322c4                W_OpenFile
                0x00032304                W_CloseFile
                0x00032310                W_Read
 .text          0x00032328      0x10c build/w_file_stdc_unbuffered.o
                0x00032328                W_StdC_Read
 .text          0x00032434       0xa4 build/w_main.o
                0x00032434                W_ParseCommandLine
 .text          0x000324d8      0x820 build/w_wad.o
                0x000324d8                W_LumpNameHash
                0x00032514                W_AddFile
                0x00032854                W_NumLumps
                0x00032864                W_CheckNumForName
                0x00032928                W_GetNumForName
                0x00032958                W_LumpLength
                0x000329ac                W_ReadLump
                0x00032a40                W_CacheLumpNum
                0x00032b08                W_CacheLumpName
                0x00032b20                W_ReleaseLumpNum
                0x00032ba0                W_ReleaseLumpName
                0x00032bb0                W_GenerateHashTable
                0x00032c5c                W_CheckCorrectIWAD
 .text          0x00032cf8      0x788 build/z_zone.o
                0x00032cf8                Z_ClearZone
                0x00032d38                Z_Init
                0x00032dec                Z_Free
                0x00032ee4                Z_Malloc
                0x0003302c                Z_FreeTags
                0x0003309c                Z_DumpHeap
                0x000331c0                Z_FileDumpHeap
                0x000332c4                Z_CheckHeap
                0x0003336c                Z_ChangeTag2
                0x000333e0                Z_ChangeUser
                0x0003341c                Z_FreeMemory
                0x00033468                Z_ZoneSize
 .text          0x00033480      0x26c /usr/lib/gcc/arm-linux-gnueabi/14.2.0/libgcc.a(_arm_muldf3.o)
                0x00033480                __muldf3
                0x00033480                __aeabi_dmul
 .text          0x000336ec      0x20c /usr/lib/gcc/arm-linux-gnueabi/14.2.0/libgcc.a(_udivsi3.o)
                0x000336ec                __udivsi3
                0x000336ec                __aeabi_uidiv
                0x000338d8                __aeabi_uidivmod
 .text          0x000338f8      0x240 /usr/lib/gcc/arm-linux-gnueabi/14.2.0/libgcc.a(_divsi3.o)
                0x000338f8                __divsi3
                0x000338f8                __aeabi_idiv
                0x00033b18                __aeabi_idivmod
 .text          0x00033b38      0x3c0 /usr/lib/gcc/arm-linux-gnueabi/14.2.0/libgcc.a(_arm_addsubdf3.o)
                0x00033b38                __aeabi_drsub
                0x00033b40                __subdf3
                0x00033b40                __aeabi_dsub
                0x00033b44                __adddf3
                0x00033b44                __aeabi_dadd
                0x00033df0                __aeabi_ui2d
                0x00033df0                __floatunsidf
                0x00033e14                __floatsidf
                0x00033e14                __aeabi_i2d
                0x00033e3c                __aeabi_f2d
                0x00033e3c                __extendsfdf2
                0x00033e84                __floatundidf
                0x00033e84                __aeabi_ul2d
                0x00033e98                __floatdidf
                0x00033e98                __aeabi_l2d
 .text          0x00033ef8      0x12c /usr/lib/gcc/arm-linux-gnueabi/14.2.0/libgcc.a(_arm_cmpdf2.o)
                0x00033ef8                __gtdf2
                0x00033ef8                __gedf2
                0x00033f00                __ltdf2
                0x00033f00                __ledf2
                0x00033f08                __cmpdf2
                0x00033f08                __nedf2
                0x00033f08                __eqdf2
                0x00033f90                __aeabi_cdrcmple
                0x00033fac                __aeabi_cdcmple
                0x00033fac                __aeabi_cdcmpeq
                0x00033fc0                __aeabi_dcmpeq
                0x00033fd4                __aeabi_dcmplt
                0x00033fe8                __aeabi_dcmple
                0x00033ffc                __aeabi_dcmpge
                0x00034010                __aeabi_dcmpgt
 .text          0x00034024       0x5c /usr/lib/gcc/arm-linux-gnueabi/14.2.0/libgcc.a(_arm_fixdfsi.o)
                0x00034024                __fixdfsi
                0x00034024                __aeabi_d2iz
 .text          0x00034080       0xa0 /usr/lib/gcc/arm-linux-gnueabi/14.2.0/libgcc.a(_arm_truncdfsf2.o)
                0x00034080                __aeabi_d2f
                0x00034080                __truncdfsf2
 .text          0x00034120      0x250 /usr/lib/gcc/arm-linux-gnueabi/14.2.0/libgcc.a(_arm_addsubsf3.o)
                0x00034120                __aeabi_frsub
                0x00034128                __subsf3
                0x00034128                __aeabi_fsub
                0x0003412c                __aeabi_fadd
                0x0003412c                __addsf3
                0x000342bc                __aeabi_ui2f
                0x000342bc                __floatunsisf
                0x000342c4                __floatsisf
                0x000342c4                __aeabi_i2f
                0x000342e4                __aeabi_ul2f
                0x000342e4                __floatundisf
                0x000342f4                __aeabi_l2f
                0x000342f4                __floatdisf
 .text          0x00034370      0x2f8 /usr/lib/gcc/arm-linux-gnueabi/14.2.0/libgcc.a(_arm_muldivsf3.o)
                0x00034370                __aeabi_fmul
                0x00034370                __mulsf3
                0x00034508                __aeabi_fdiv
                0x00034508                __divsf3
 .text          0x00034668       0x5c /usr/lib/gcc/arm-linux-gnueabi/14.2.0/libgcc.a(_arm_fixsfsi.o)
                0x00034668                __fixsfsi
                0x00034668                __aeabi_f2iz
 .text          0x000346c4       0xd4 /usr/lib/gcc/arm-linux-gnueabi/14.2.0/libgcc.a(_aeabi_ldivmod.o)
                0x000346c4                __aeabi_ldivmod
 .text          0x00034798       0x10 /usr/lib/gcc/arm-linux-gnueabi/14.2.0/libgcc.a(_dvmd_lnx.o)
                0x00034798                __aeabi_idiv0
                0x00034798                __aeabi_ldiv0
 .text          0x000347a8      0x120 /usr/lib/gcc/arm-linux-gnueabi/14.2.0/libgcc.a(_udivmoddi4.o)
                0x000347a8                __udivmoddi4
 *(.gnu.warning)
 *(.glue_7t)
 .glue_7t       0x000348c8        0x0 linker stubs
 *(.glue_7)
 .glue_7        0x000348c8        0x0 linker stubs
 *(.vfp11_veneer)
 .vfp11_veneer  0x000348c8        0x0 linker stubs
 *(.v4_bx)
 .v4_bx         0x000348c8        0x0 linker stubs

.fini           0x000348c8        0x8
 *(SORT_NONE(.fini))
 .fini          0x000348c8        0x4 /usr/lib/gcc/arm-linux-gnueabi/14.2.0/../../../../arm-linux-gnueabi/lib/crti.o
                0x000348c8                _fini
 .fini          0x000348cc        0x4 /usr/lib/gcc/arm-linux-gnueabi/14.2.0/../../../../arm-linux-gnueabi/lib/crtn.o
                [!provide]                        PROVIDE (__etext = .)
                [!provide]                        PROVIDE (_etext = .)
                [!provide]                        PROVIDE (etext = .)

.rodata         0x000348d0    0x183b8
 *(.rodata .rodata.* .gnu.linkonce.r.*)
 .rodata.str1.1
                0x000348d0     0x7410 build/i_video_fbdev.o
                                0x18b (size before relaxing)
 .rodata.str1.1
                0x0003bce0      0x1c4 build/i_input_tty.o
 .rodata        0x0003bce0      0x100 build/i_input_tty.o
 .rodata.str1.1
                0x0003bde0       0x15 build/i_main.o
 .rodata.str1.1
                0x0003bde0       0x67 build/am_map.o
 .rodata        0x0003bde0       0x30 build/am_map.o
 .rodata.str1.1
                0x0003be10      0x328 build/dstrings.o
 .rodata.str1.1
                0x0003be10      0x196 build/d_iwad.o
 .rodata.str1.1
                0x0003be10       0x6e build/d_loop.o
 .rodata.str1.1
                0x0003be10      0x97b build/d_main.o
 .rodata        0x0003be10       0xc8 build/d_main.o
 .rodata.str1.1
                0x0003bed8       0x3c build/d_mode.o
 .rodata        0x0003bed8      0x12c build/d_mode.o
 .rodata.str1.1
                0x0003c004      0x16d build/d_net.o
 .rodata.str1.1
                0x0003c004     0x1f08 build/f_finale.o
 .rodata.str1.1
                0x0003c004      0x369 build/g_game.o
 .rodata        0x0003c004       0x64 build/g_game.o
 .rodata.str1.1
                0x0003c068      0xc0f build/hu_stuff.o
 .rodata        0x0003c068        0x4 build/hu_stuff.o
 .rodata.str1.1
                0x0003c06c      0x2b2 build/info.o
 .rodata.str1.1
                0x0003c06c       0xa7 build/i_joystick.o
 .rodata.str1.1
                0x0003c06c       0xd4 build/i_sound_dummy.o
 .rodata.str1.1
                0x0003c06c      0x20a build/i_system.o
 .rodata        0x0003c06c       0x1e build/i_system.o
 .rodata.str1.1
                0x0003c08a      0xc2b build/m_config.o
 *fill*         0x0003c08a        0x2 
 .rodata        0x0003c08c      0x208 build/m_config.o
 .rodata.str1.1
                0x0003c294      0x630 build/m_controls.o
 .rodata.str1.1
                0x0003c294      0x40f build/m_menu.o
 .rodata        0x0003c294        0x9 build/m_menu.o
 .rodata.str1.1
                0x0003c29d       0xec build/m_misc.o
 .rodata        0x0003c29d      0x100 build/m_random.o
 .rodata        0x0003c39d        0xc build/p_ceilng.o
 .rodata        0x0003c3a9       0x14 build/p_doors.o
 .rodata.str1.1
                0x0003c3bd      0x137 build/p_doors.o
 .rodata.str1.1
                0x0003c3bd       0x3b build/p_enemy.o
 .rodata        0x0003c3bd        0x4 build/p_enemy.o
 .rodata        0x0003c3c1        0xd build/p_floor.o
 .rodata.str1.1
                0x0003c3ce      0x3d7 build/p_inter.o
 .rodata        0x0003c3ce       0x58 build/p_inter.o
 .rodata.str1.1
                0x0003c426       0x72 build/p_map.o
 .rodata        0x0003c426        0x4 build/p_maputl.o
 .rodata.str1.1
                0x0003c42a       0x2d build/p_mobj.o
 .rodata.str1.1
                0x0003c42a       0x45 build/p_plats.o
 .rodata        0x0003c42a        0x5 build/p_plats.o
 .rodata.str1.1
                0x0003c42f       0xe1 build/p_saveg.o
 .rodata        0x0003c42f        0x8 build/p_saveg.o
 .rodata.str1.1
                0x0003c437       0x5a build/p_setup.o
 .rodata.str1.1
                0x0003c437       0x28 build/p_sight.o
 .rodata.str1.1
                0x0003c437      0x242 build/p_spec.o
 .rodata        0x0003c437       0xaa build/p_spec.o
 .rodata.str1.1
                0x0003c4e1       0x25 build/p_switch.o
 *fill*         0x0003c4e1        0x1 
 .rodata        0x0003c4e2      0x106 build/p_switch.o
 .rodata.str1.1
                0x0003c5e8       0x23 build/r_bsp.o
 .rodata.str1.1
                0x0003c5e8      0x12e build/r_data.o
 .rodata.str1.1
                0x0003c5e8       0xa6 build/r_draw.o
 .rodata.str1.1
                0x0003c5e8       0xa6 build/r_plane.o
 .rodata.str1.1
                0x0003c5e8       0x20 build/r_segs.o
 .rodata.str1.1
                0x0003c5e8      0x1d2 build/r_things.o
 .rodata.str1.1
                0x0003c5e8      0x467 build/sounds.o
 .rodata.str1.1
                0x0003c5e8        0xa build/statdump.o
 .rodata.str1.1
                0x0003c5e8       0x5b build/st_lib.o
 .rodata.str1.1
                0x0003c5e8      0x1b9 build/st_stuff.o
 .rodata.str1.1
                0x0003c5e8       0x92 build/s_sound.o
 .rodata        0x0003c5e8       0x30 build/s_sound.o
                0x0003c60c                snd_prefixen
 .rodata        0x0003c618    0x10504 build/tables.o
                0x0003c618                gammatable
                0x0003cb18                tantoangle
                0x0003eb1c                finesine
                0x00048b1c                finetangent
 .rodata.str1.1
                0x0004cb1c      0x108 build/v_video.o
 .rodata.str1.1
                0x0004cb1c      0x10b build/wi_stuff.o
 .rodata        0x0004cb1c      0x16c build/wi_stuff.o
 .rodata.str1.1
                0x0004cc88        0x6 build/w_file.o
 .rodata.str1.1
                0x0004cc88       0x12 build/w_main.o
 .rodata.str1.1
                0x0004cc88      0x1d0 build/w_wad.o
 .rodata.str1.1
                0x0004cc88      0x323 build/z_zone.o

.rodata1
 *(.rodata1)

.ARM.extab
 *(.ARM.extab* .gnu.linkonce.armextab.*)

.ARM.exidx      0x0004cc88        0x8
                [!provide]                        PROVIDE (__exidx_start = .)
 *(.ARM.exidx* .gnu.linkonce.armexidx.*)
 .ARM.exidx     0x0004cc88        0x8 /usr/lib/gcc/arm-linux-gnueabi/14.2.0/../../../../arm-linux-gnueabi/lib/Scrt1.o
 .ARM.exidx     0x0004cc90        0x0 /usr/lib/gcc/arm-linux-gnueabi/14.2.0/libgcc.a(_udivmoddi4.o)
                                  0x8 (size before relaxing)
                [!provide]                        PROVIDE (__exidx_end = .)

.eh_frame_hdr
 *(.eh_frame_hdr)
 *(.eh_frame_entry .eh_frame_entry.*)

.eh_frame       0x0004cc90        0x4
 *(.eh_frame)
 .eh_frame      0x0004cc90        0x4 /usr/lib/gcc/arm-linux-gnueabi/14.2.0/crtendS.o
 *(.eh_frame.*)

.sframe
 *(.sframe)
 *(.sframe.*)

.gcc_except_table
 *(.gcc_except_table .gcc_except_table.*)

.gnu_extab
 *(.gnu_extab*)

.exception_ranges
 *(.exception_ranges*)
                0x0004dbfc                        . = DATA_SEGMENT_ALIGN (CONSTANT (MAXPAGESIZE), CONSTANT (COMMONPAGESIZE))

.eh_frame
 *(.eh_frame)
 *(.eh_frame.*)

.sframe
 *(.sframe)
 *(.sframe.*)

.gnu_extab
 *(.gnu_extab)

.gcc_except_table
 *(.gcc_except_table .gcc_except_table.*)

.exception_ranges
 *(.exception_ranges*)

.tdata          0x0004dbfc        0x0
                [!provide]                        PROVIDE (__tdata_start = .)
 *(.tdata .tdata.* .gnu.linkonce.td.*)

.tbss
 *(.tbss .tbss.* .gnu.linkonce.tb.*)
 *(.tcommon)

.preinit_array  0x0004dbfc        0x0
                [!provide]                        PROVIDE (__preinit_array_start = .)
 *(.preinit_array)
                [!provide]                        PROVIDE (__preinit_array_end = .)

.init_array     0x0004dbfc        0x4
                [!provide]                        PROVIDE (__init_array_start = .)
 *(SORT_BY_INIT_PRIORITY(.init_array.*) SORT_BY_INIT_PRIORITY(.ctors.*))
 *(.init_array EXCLUDE_FILE(*crtend?.o *crtend.o *crtbegin?.o *crtbegin.o) .ctors)
 .init_array    0x0004dbfc        0x4 /usr/lib/gcc/arm-linux-gnueabi/14.2.0/crtbeginS.o
                [!provide]                        PROVIDE (__init_array_end = .)

.fini_array     0x0004dc00        0x4
                [!provide]                        PROVIDE (__fini_array_start = .)
 *(SORT_BY_INIT_PRIORITY(.fini_array.*) SORT_BY_INIT_PRIORITY(.dtors.*))
 *(.fini_array EXCLUDE_FILE(*crtend?.o *crtend.o *crtbegin?.o *crtbegin.o) .dtors)
 .fini_array    0x0004dc00        0x4 /usr/lib/gcc/arm-linux-gnueabi/14.2.0/crtbeginS.o
                [!provide]                        PROVIDE (__fini_array_end = .)

.ctors
 *crtbegin.o(.ctors)
 *crtbegin?.o(.ctors)
 *(EXCLUDE_FILE(*crtend?.o *crtend.o) .ctors)
 *(SORT_BY_NAME(.ctors.*))
 *(.ctors)

.dtors
 *crtbegin.o(.dtors)
 *crtbegin?.o(.dtors)
 *(EXCLUDE_FILE(*crtend?.o *crtend.o) .dtors)
 *(SORT_BY_NAME(.dtors.*))
 *(.dtors)

.jcr
 *(.jcr)

.data.rel.ro    0x0004dc04      0x2fc
 *(.data.rel.ro.local* .gnu.linkonce.d.rel.ro.local.*)
 .data.rel.ro.local
                0x0004dc04       0xe0 build/d_iwad.o
 .data.rel.ro.local
                0x0004dce4       0x90 build/d_main.o
 .data.rel.ro.local
                0x0004dd74       0x18 build/f_wipe.o
 .data.rel.ro.local
                0x0004dd8c       0x10 build/m_menu.o
 .data.rel.ro.local
                0x0004dd9c       0x10 build/wi_stuff.o
 .data.rel.ro.local
                0x0004ddac       0x20 build/w_wad.o
 *(.data.rel.ro .data.rel.ro.* .gnu.linkonce.d.rel.ro.*)
 .data.rel.ro   0x0004ddcc        0x0 /usr/lib/gcc/arm-linux-gnueabi/14.2.0/../../../../arm-linux-gnueabi/lib/Scrt1.o
 .data.rel.ro   0x0004ddcc       0x20 build/g_game.o
 .data.rel.ro   0x0004ddec      0x114 build/p_maputl.o

.dynamic        0x0004df00      0x100
 *(.dynamic)
 .dynamic       0x0004df00      0x100 /usr/lib/gcc/arm-linux-gnueabi/14.2.0/../../../../arm-linux-gnueabi/lib/Scrt1.o
                0x0004df00                _DYNAMIC
                0x0004e000                        . = DATA_SEGMENT_RELRO_END (., 0x0)

.got            0x0004e000      0x658
 *(.got.plt)
 .got.plt       0x0004e000      0x110 /usr/lib/gcc/arm-linux-gnueabi/14.2.0/../../../../arm-linux-gnueabi/lib/Scrt1.o
                0x0004e000                _GLOBAL_OFFSET_TABLE_
 *(.igot.plt)
 .igot.plt      0x0004e110        0x0 /usr/lib/gcc/arm-linux-gnueabi/14.2.0/../../../../arm-linux-gnueabi/lib/Scrt1.o
 *(.got)
 .got           0x0004e110      0x548 /usr/lib/gcc/arm-linux-gnueabi/14.2.0/../../../../arm-linux-gnueabi/lib/Scrt1.o
 *(.igot)

.data           0x0004e658     0xe458
                [!provide]                        PROVIDE (__data_start = .)
 *(.data .data.* .gnu.linkonce.d.*)
 .data.rel.local
                0x0004e658        0x4 /usr/lib/gcc/arm-linux-gnueabi/14.2.0/crtbeginS.o
                0x0004e658                __dso_handle
 .data          0x0004e65c        0xc build/i_video_fbdev.o
                0x0004e65c                fb_scaling
                0x0004e660                mouse_threshold
                0x0004e664                mouse_acceleration
 .data          0x0004e668       0x20 build/i_input_tty.o
                0x0004e684                vanilla_keyboard_mapping
 .data          0x0004e688      0x240 build/am_map.o
                0x0004e6c4                cheat_amap
                0x0004e6f8                cheat_player_arrow
                0x0004e7f8                player_arrow
                0x0004e868                thintriangle_guy
                0x0004e898                triangle_guy
 .data          0x0004e8c8        0x8 build/doomstat.o
                0x0004e8c8                gameversion
                0x0004e8cc                gamemode
 .data.rel.local
                0x0004e8d0       0x40 build/dstrings.o
                0x0004e8d0                doom2_endmsg
                0x0004e8f0                doom1_endmsg
 .data          0x0004e910       0xd8 build/d_items.o
                0x0004e910                weaponinfo
 .data          0x0004e9e8        0x4 build/d_loop.o
 .data          0x0004e9ec        0xc build/d_main.o
                0x0004e9ec                show_endoom
                0x0004e9f4                wipegamestate
 .data.rel      0x0004e9f8       0x10 build/d_net.o
 .data.rel.local
                0x0004ea08      0x248 build/f_finale.o
                0x0004ebc0                castorder
 .data          0x0004ec50      0x148 build/g_game.o
                0x0004ec50                sidemove
                0x0004ec58                angleturn
                0x0004ec64                forwardmove
                0x0004ec6c                cpars
                0x0004ecec                pars
                0x0004ed8c                vanilla_savegame_limit
                0x0004ed90                precache
                0x0004ed94                vanilla_demo_limit
 .data.rel.local
                0x0004ed98      0x26c build/hu_stuff.o
                0x0004ed98                mapnames
                0x0004ee4c                mapnames_commercial
                0x0004efcc                player_names
                0x0004efdc                chat_macros
 .data          0x0004f004     0x313c build/info.o
                0x0004f004                mobjinfo
 .data.rel      0x00052140     0x69c4 build/info.o
                0x00052140                states
 .data.rel.local
                0x00058b04      0x22c build/info.o
                0x00058b04                sprnames
 .data          0x00058d30       0x34 build/i_joystick.o
 .data          0x00058d64        0x4 build/i_sound_dummy.o
 .data.rel.local
                0x00058d68        0x4 build/i_sound_dummy.o
                0x00058d68                sndserver_filename
 .data          0x00058d6c        0x4 build/i_system.o
 .data.rel.local
                0x00058d70        0x4 build/i_system.o
 .data.rel.local
                0x00058d74     0x1260 build/m_config.o
 .data          0x00059fd4      0x19c build/m_controls.o
                0x00059fd4                key_right
                0x00059fd8                key_left
                0x00059fdc                key_up
                0x00059fe0                key_down
                0x00059fe4                key_strafeleft
                0x00059fe8                key_straferight
                0x00059fec                key_fire
                0x00059ff0                key_use
                0x00059ff4                key_strafe
                0x00059ff8                key_speed
                0x00059ffc                mousebstrafe
                0x0005a000                mousebforward
                0x0005a004                joybstrafe
                0x0005a008                joybuse
                0x0005a00c                joybspeed
                0x0005a010                joybmenu
                0x0005a014                joybstrafeleft
                0x0005a018                joybstraferight
                0x0005a01c                mousebstrafeleft
                0x0005a020                mousebstraferight
                0x0005a024                mousebuse
                0x0005a028                mousebbackward
                0x0005a02c                dclick_use
                0x0005a030                key_pause
                0x0005a034                key_message_refresh
                0x0005a038                key_flyup
                0x0005a03c                key_flydown
                0x0005a040                key_flycenter
                0x0005a044                key_lookup
                0x0005a048                key_lookdown
                0x0005a04c                key_lookcenter
                0x0005a050                key_invleft
                0x0005a054                key_invright
                0x0005a058                key_useartifact
                0x0005a05c                key_jump
                0x0005a060                mousebjump
                0x0005a064                joybjump
                0x0005a068                key_arti_all
                0x0005a06c                key_arti_health
                0x0005a070                key_arti_poisonbag
                0x0005a074                key_arti_blastradius
                0x0005a078                key_arti_teleport
                0x0005a07c                key_arti_teleportother
                0x0005a080                key_arti_egg
                0x0005a084                key_arti_invulnerability
                0x0005a088                key_usehealth
                0x0005a08c                key_invquery
                0x0005a090                key_mission
                0x0005a094                key_invpop
                0x0005a098                key_invkey
                0x0005a09c                key_invhome
                0x0005a0a0                key_invend
                0x0005a0a4                key_invuse
                0x0005a0a8                key_invdrop
                0x0005a0ac                key_weapon1
                0x0005a0b0                key_weapon2
                0x0005a0b4                key_weapon3
                0x0005a0b8                key_weapon4
                0x0005a0bc                key_weapon5
                0x0005a0c0                key_weapon6
                0x0005a0c4                key_weapon7
                0x0005a0c8                key_weapon8
                0x0005a0cc                joybprevweapon
                0x0005a0d0                joybnextweapon
                0x0005a0d4                mousebprevweapon
                0x0005a0d8                mousebnextweapon
                0x0005a0dc                key_map_north
                0x0005a0e0                key_map_south
                0x0005a0e4                key_map_east
                0x0005a0e8                key_map_west
                0x0005a0ec                key_map_zoomin
                0x0005a0f0                key_map_zoomout
                0x0005a0f4                key_map_toggle
                0x0005a0f8                key_map_maxzoom
                0x0005a0fc                key_map_follow
                0x0005a100                key_map_grid
                0x0005a104                key_map_mark
                0x0005a108                key_map_clearmark
                0x0005a10c                key_menu_activate
                0x0005a110                key_menu_up
                0x0005a114                key_menu_down
                0x0005a118                key_menu_left
                0x0005a11c                key_menu_right
                0x0005a120                key_menu_back
                0x0005a124                key_menu_forward
                0x0005a128                key_menu_confirm
                0x0005a12c                key_menu_abort
                0x0005a130                key_menu_help
                0x0005a134                key_menu_save
                0x0005a138                key_menu_load
                0x0005a13c                key_menu_volume
                0x0005a140                key_menu_detail
                0x0005a144                key_menu_qsave
                0x0005a148                key_menu_endgame
                0x0005a14c                key_menu_messages
                0x0005a150                key_menu_qload
                0x0005a154                key_menu_quit
                0x0005a158                key_menu_gamma
                0x0005a15c                key_menu_incscreen
                0x0005a160                key_menu_decscreen
                0x0005a164                key_demo_quit
                0x0005a168                key_spy
                0x0005a16c                key_multi_msg
 .data          0x0005a170       0xce build/m_menu.o
                0x0005a170                showMessages
                0x0005a174                screenblocks
                0x0005a178                mouseSensitivity
                0x0005a17c                quitsounds2
                0x0005a19c                quitsounds
                0x0005a1bc                gammamsg
 *fill*         0x0005a23e        0x2 
 .data.rel.local
                0x0005a240      0x414 build/m_menu.o
                0x0005a240                ReadDef1
                0x0005a258                LoadMenu
                0x0005a2d0                SoundDef
                0x0005a2e8                OptionsDef
                0x0005a300                LoadDef
                0x0005a318                MainDef
                0x0005a330                skullName
                0x0005a338                SaveDef
                0x0005a350                ReadDef2
                0x0005a368                NewDef
                0x0005a380                EpiDef
                0x0005a398                MainMenu
                0x0005a410                SaveMenu
                0x0005a488                SoundMenu
                0x0005a4d8                ReadMenu2
                0x0005a4ec                ReadMenu1
                0x0005a500                OptionsMenu
                0x0005a5a0                NewGameMenu
                0x0005a604                EpisodeMenu
 .data          0x0005a654       0x78 build/p_enemy.o
                0x0005a654                yspeed
                0x0005a674                xspeed
                0x0005a694                opposite
                0x0005a6b8                diags
                0x0005a6c8                TRACEANGLE
 .data          0x0005a6cc       0x20 build/p_inter.o
                0x0005a6cc                clipammo
                0x0005a6dc                maxammo
 .data          0x0005a6ec      0x288 build/p_spec.o
                0x0005a6ec                animdefs
 .data          0x0005a974      0x334 build/p_switch.o
                0x0005a974                alphSwitchList
 .data          0x0005aca8       0xc0 build/r_bsp.o
                0x0005aca8                checkcoord
 .data          0x0005ad68       0xc8 build/r_draw.o
                0x0005ad68                fuzzoffset
 .data          0x0005ae30        0x4 build/r_main.o
                0x0005ae30                validcount
 .data.rel.local
                0x0005ae34     0x1394 build/sounds.o
                0x0005ae34                S_sfx
                0x0005bd88                S_music
 .data          0x0005c1c8      0x354 build/st_stuff.o
                0x0005c1c8                cheat_clev
                0x0005c1fc                cheat_god
                0x0005c230                cheat_ammonokey
                0x0005c264                cheat_powerup
                0x0005c3d0                cheat_ammo
                0x0005c404                cheat_mus
                0x0005c438                cheat_commercial_noclip
                0x0005c46c                cheat_noclip
                0x0005c4a0                cheat_choppers
                0x0005c4d4                cheat_mypos
 .data          0x0005c51c        0xc build/s_sound.o
                0x0005c51c                snd_MusicVolume
                0x0005c520                snd_SfxVolume
                0x0005c524                numChannels
 .data.rel.local
                0x0005c528        0x4 build/tables.o
                0x0005c528                finecosine
 .data          0x0005c52c      0x578 build/wi_stuff.o
 .data.rel.local
                0x0005caa4        0xc build/w_file_stdc_unbuffered.o
                0x0005caa4                stdc_wad_file

.tm_clone_table
                0x0005cab0        0x0
 .tm_clone_table
                0x0005cab0        0x0 /usr/lib/gcc/arm-linux-gnueabi/14.2.0/crtbeginS.o
 .tm_clone_table
                0x0005cab0        0x0 /usr/lib/gcc/arm-linux-gnueabi/14.2.0/crtendS.o

.data1
 *(.data1)
                0x0005cab0                        _edata = .
                [!provide]                        PROVIDE (edata = .)
                0x0005cab0                        . = .
                0x0005cab0                        __bss_start = .
                0x0005cab0                        __bss_start__ = .

.bss            0x0005cab0    0x5cf54
 *(.dynbss)
 .dynbss        0x0005cab0        0x0 /usr/lib/gcc/arm-linux-gnueabi/14.2.0/../../../../arm-linux-gnueabi/lib/Scrt1.o
 *(.bss .bss.* .gnu.linkonce.b.*)
 .bss           0x0005cab0        0x1 /usr/lib/gcc/arm-linux-gnueabi/14.2.0/crtbeginS.o
 *fill*         0x0005cab1        0x3 
 .bss           0x0005cab4      0x4c4 build/i_video_fbdev.o
                0x0005ceb4                fb
                0x0005cf54                fd_fb
                0x0005cf58                I_VideoBuffer
                0x0005cf5c                I_VideoBuffer_FB
                0x0005cf60                screenvisible
                0x0005cf64                usegamma
                0x0005cf68                screensaver_mode
                0x0005cf6c                X_height
                0x0005cf70                X_width
                0x0005cf74                usemouse
 .bss           0x0005cf78       0x40 build/i_input_tty.o
 .bss           0x0005cfb8        0x8 build/dummy.o
                0x0005cfb8                drone
                0x0005cfbc                net_client_connected
 .bss           0x0005cfc0      0x14c build/am_map.o
                0x0005d078                automapactive
 .bss           0x0005d10c        0xc build/doomstat.o
                0x0005d10c                modifiedgame
                0x0005d110                gamedescription
                0x0005d114                gamemission
 .bss           0x0005d118      0x508 build/d_event.o
 .bss           0x0005d620      0x204 build/d_iwad.o
 .bss           0x0005d824     0x5064 build/d_loop.o
                0x0005d844                offsetms
                0x0005d848                gametic
                0x0005d84c                ticdup
                0x0005d858                singletics
                0x0005d85c                lasttime
 .bss           0x00062888      0x8dc build/d_main.o
                0x00062888                advancedemo
                0x0006288c                main_loop_started
                0x00062890                storedemo
                0x00062894                pagetic
                0x00062898                pagename
                0x000628b0                bfgedition
                0x000628b4                demosequence
                0x000628b8                nomonsters
                0x000628bc                respawnparm
                0x000628c0                fastparm
                0x000628c4                devparm
                0x000628c8                iwadfile
                0x000628cc                savegamedir
                0x000628d0                startskill
                0x000628d4                startepisode
                0x000628d8                startmap
                0x000628dc                autostart
                0x000628e0                startloadgame
                0x000628e4                title
                0x00062964                mapdir
                0x00062d64                wadfile
 .bss           0x00063164       0x54 build/d_net.o
                0x000631b4                netcmds
 .bss           0x000631b8       0x30 build/f_finale.o
                0x000631b8                finaleflat
                0x000631bc                finaletext
                0x000631c0                finalestage
                0x000631c4                finalecount
                0x000631c8                castnum
                0x000631cc                caststate
                0x000631d0                casttics
                0x000631d4                castdeath
                0x000631d8                castframes
                0x000631dc                castonmelee
                0x000631e0                castattacking
 .bss           0x000631e8       0x14 build/f_wipe.o
 .bss           0x000631fc      0xec4 build/g_game.o
                0x000631fc                consistancy
                0x000633fc                consoleplayer
                0x0006388c                gamestate
                0x00063894                players
                0x00063d28                mousey
                0x00063d2c                mousex
                0x00063d30                testcontrols_mousespeed
                0x00063d34                sendpause
                0x00063d38                sendsave
                0x00063d40                lowres_turn
                0x00063d48                gamemap
                0x00063d4c                levelstarttic
                0x00063d50                turbodetected
                0x00063d60                playeringame
                0x00063d70                gameskill
                0x00063d74                gameepisode
                0x00063d78                displayplayer
                0x00063d7c                gameaction
                0x00063d80                paused
                0x00063d84                testcontrols
                0x00063d88                singledemo
                0x00063d8c                deathmatch
                0x00063d90                demoplayback
                0x00063d94                bodyqueslot
                0x00063d98                bodyque
                0x00063e18                netgame
                0x00063e1c                secretexit
                0x00063e20                wminfo
                0x00063ee8                totalkills
                0x00063eec                totalitems
                0x00063ef0                totalsecret
                0x00063ef4                viewactive
                0x00063ef8                savename
                0x00064018                d_skill
                0x0006401c                d_episode
                0x00064020                d_map
                0x00064024                respawnmonsters
                0x00064028                usergame
                0x0006402c                netdemo
                0x00064030                demoname
                0x00064034                demobuffer
                0x00064038                demoend
                0x0006403c                demorecording
                0x00064040                longtics
                0x00064044                demo_p
                0x00064048                defdemoname
                0x0006405c                starttime
                0x00064060                nodrawers
                0x00064064                timingdemo
                0x000640b8                oldgamestate
                0x000640bc                timelimit
 .bss           0x000640c0      0x686 build/hu_stuff.o
                0x000640c0                hu_font
                0x000641c8                message_dontfuckwithme
                0x000641d0                chat_on
                0x00064745                chat_char
 *fill*         0x00064746        0x2 
 .bss           0x00064748       0x14 build/i_joystick.o
 .bss           0x0006475c    0x216e8 build/i_sound_dummy.o